fpga.c:32:10:FPGA_Init	8	static
fpga.c:39:10:FPGA_Reset	4	static
fpga.c:46:17:Set7SegDigit	16	static
fpga.c:76:10:FPGA_7SegDisplayDecimal	24	static
fpga.c:93:10:FPGA_7SegDisplayFloat	24	static
fpga.c:130:10:FPGA_7SegDisplayHexadecimal	16	static
fpga.c:138:9:FPGA_DIPGetLeft	4	static
fpga.c:142:9:FPGA_DIPGetRight	4	static
fpga.c:146:10:FPGA_DIPUnmaskOnIRQ	16	static
fpga.c:157:10:FPGA_DIPUnmaskOffIRQ	16	static
fpga.c:168:10:FPGA_DIPMaskOnIRQ	16	static
fpga.c:179:10:FPGA_DIPMaskOffIRQ	16	static
fpga.c:191:6:FPGA_GetButton	16	static
fpga.c:195:10:FPGA_ButtonUnmaskPressIRQ	16	static
fpga.c:201:10:FPGA_ButtonUnmaskReleaseIRQ	16	static
fpga.c:207:10:FPGA_ButtonMaskPressIRQ	16	static
fpga.c:213:10:FPGA_ButtonMaskReleaseIRQ	16	static
fpga.c:219:9:FPGA_GetScanningDivider	4	static
fpga.c:223:6:FPGA_SetScanningDivider	16	static
fpga.c:228:10:FPGA_MatrixSetPixel	32	static
