intrinsics.h:70:13:LEGUAN_Unreachable	4	static
lcd.c:70:10:LCD_SetDrawArea	32	static
lcd.c:93:6:LCD_EnableDrawMode	16	static
lcd.c:97:10:LCD_Init	24	static
lcd.c:126:6:LCD_Stream	16	static
lcd.c:140:6:LCD_SetForegroundColor	16	static
lcd.c:146:6:LCD_SetBackgroundColor	16	static
lcd.c:157:10:LCD_Pixel	24	static
lcd.c:169:10:LCD_Rect	40	static
lcd.c:181:10:LCD_Line	40	static
lcd.c:213:13:LCD_CircleImpl	24	static
lcd.c:225:10:LCD_Circle	24	static
lcd.c:254:10:LCD_Character	40	static
lcd.c:271:10:LCD_String	24	static
lcd.c:297:10:LCD_StringContinue	16	static
lcd.c:301:6:LCD_Clear	24	static
lcd.c:315:10:LCD_DrawBuffer	24	static
lcd.c:329:13:LCD_TouchEnable	8	static
lcd.c:333:13:LCD_TouchDisable	8	static
lcd.c:338:17:LCD_TouchReadRegister	24	static
lcd.c:355:17:LCD_TouchReadBuffer	32	static
lcd.c:368:17:LCD_TouchWriteRegister	24	static
lcd.c:378:17:LCD_TouchSendCommand	24	static
lcd.c:388:10:LCD_TouchInit	8	static
lcd.c:413:6:LCD_TouchStartMeasurement	8	static
lcd.c:417:6:LCD_TouchSetTouchCallback	16	static
lcd.c:421:10:LCD_TouchGetPosition	32	static
